[ODDS] HTTP 401 for foot
[ODDS] HTTP 401 for nba
[ODDS] HTTP 401 for foot
[ODDS] HTTP 401 for nba
[ODDS] HTTP 401 for foot
[ODDS] HTTP 401 for nba
[ODDS] HTTP 401 for foot
[ODDS] HTTP 401 for nba
[ODDS] HTTP 401 for foot
[ODDS] HTTP 401 for nba
[ODDS] HTTP 401 for foot
[ODDS] HTTP 401 for nba
[ODDS] HTTP 401 for foot
[ODDS] HTTP 401 for nba
[ODDS] HTTP 401 for foot
[ODDS] HTTP 401 for nba
[ODDS] HTTP 401 for foot
[ODDS] HTTP 401 for nba
[ODDS] HTTP 401 for foot
[ODDS] HTTP 401 for nba
[ODDS] HTTP 401 for foot
[ODDS] HTTP 401 for nba
[ODDS] HTTP 401 for foot
[ODDS] HTTP 401 for nba
[ODDS] HTTP 401 for foot
[ODDS] HTTP 401 for nba
[ODDS] HTTP 401 for foot
[ODDS] HTTP 401 for nba
[ODDS] HTTP 401 for foot
[ODDS] HTTP 401 for nba
[ODDS] HTTP 401 for foot
[ODDS] HTTP 401 for nba
[ODDS] HTTP 401 for foot
[ODDS] HTTP 401 for nba
[ODDS] HTTP 401 for foot
[ODDS] HTTP 401 for nba
[ODDS] HTTP 401 for foot
[ODDS] HTTP 401 for nba
[ODDS] HTTP 401 for foot
[ODDS] HTTP 401 for nba
[ODDS] HTTP 401 for foot
[ODDS] HTTP 401 for nba
[ODDS] HTTP 401 for foot
[ODDS] HTTP 401 for nba
[ODDS] HTTP 401 for foot
[ODDS] HTTP 401 for nba
[ODDS] HTTP 401 for foot
[ODDS] HTTP 401 for nba
[ODDS] HTTP 401 for foot
[ODDS] HTTP 401 for nba
[ODDS] HTTP 401 for foot
[ODDS] HTTP 401 for nba
[ODDS] HTTP 401 for foot
[ODDS] HTTP 401 for nba
[ODDS] HTTP 401 for foot
[ODDS] HTTP 401 for nba
[ODDS] HTTP 401 for foot
[ODDS] HTTP 401 for nba
[ODDS] HTTP 401 for foot
[ODDS] HTTP 401 for nba
[ODDS] HTTP 401 for foot
[ODDS] HTTP 401 for nba
[ODDS] HTTP 401 for foot
[ODDS] HTTP 401 for nba
[ODDS] HTTP 401 for foot
[ODDS] HTTP 401 for nba
[ODDS] HTTP 401 for foot
[ODDS] HTTP 401 for nba
[ODDS] HTTP 401 for foot
[ODDS] HTTP 401 for nba
[ODDS] HTTP 401 for foot
[ODDS] HTTP 401 for nba
[ODDS] HTTP 401 for foot
[ODDS] HTTP 401 for nba
[ODDS] HTTP 401 for foot
[ODDS] HTTP 401 for nba
[ODDS] HTTP 401 for foot
[ODDS] HTTP 401 for nba
[ODDS] HTTP 401 for foot
[ODDS] HTTP 401 for nba
[ODDS] HTTP 401 for foot
[ODDS] HTTP 401 for nba
[ODDS] HTTP 401 for foot
[ODDS] HTTP 401 for nba
[ODDS] HTTP 401 for foot
[ODDS] HTTP 401 for nba
[ODDS] HTTP 401 for foot
[ODDS] HTTP 401 for nba
[ODDS] HTTP 401 for foot
[ODDS] HTTP 401 for nba
[ODDS] HTTP 401 for foot
[ODDS] HTTP 401 for nba
[ODDS] HTTP 401 for foot
[ODDS] HTTP 401 for nba
[ODDS] HTTP 401 for foot
[ODDS] HTTP 401 for nba
[ODDS] HTTP 401 for foot
[ODDS] HTTP 401 for nba
[ODDS] HTTP 401 for foot
[ODDS] HTTP 401 for nba
[ODDS] HTTP 401 for foot
[ODDS] HTTP 401 for nba
[ODDS] HTTP 401 for foot
[ODDS] HTTP 401 for nba
[ODDS] HTTP 401 for foot
[ODDS] HTTP 401 for nba
[ODDS] HTTP 401 for foot
[ODDS] HTTP 401 for nba
[ODDS] HTTP 401 for foot
[ODDS] HTTP 401 for nba
[ODDS] HTTP 401 for foot
[ODDS] HTTP 401 for nba
[ODDS] HTTP 401 for foot
[ODDS] HTTP 401 for nba
[ODDS] HTTP 401 for foot
[ODDS] HTTP 401 for nba
[ODDS] HTTP 401 for foot
[ODDS] HTTP 401 for nba
[ODDS] HTTP 401 for foot
[ODDS] HTTP 401 for nba
[ODDS] HTTP 401 for foot
[ODDS] HTTP 401 for nba
[ODDS] HTTP 401 for foot
[ODDS] HTTP 401 for nba
[ODDS] HTTP 401 for foot
[ODDS] HTTP 401 for nba
[ODDS] HTTP 401 for foot
[ODDS] HTTP 401 for nba
[ODDS] HTTP 401 for foot
[ODDS] HTTP 401 for nba
[ODDS] HTTP 401 for foot
[ODDS] HTTP 401 for nba
[ODDS] HTTP 401 for foot
[ODDS] HTTP 401 for nba
[ODDS] HTTP 401 for foot
[ODDS] HTTP 401 for nba
[ODDS] HTTP 401 for foot
[ODDS] HTTP 401 for nba
[ODDS] HTTP 401 for foot
[ODDS] HTTP 401 for nba
[ODDS] HTTP 401 for foot
[ODDS] HTTP 401 for nba
[ODDS] HTTP 401 for foot
[ODDS] HTTP 401 for nba
[ODDS] HTTP 401 for foot
[ODDS] HTTP 401 for nba
[ODDS] HTTP 401 for foot
[ODDS] HTTP 401 for nba
[ODDS] HTTP 401 for foot
[ODDS] HTTP 401 for nba
[ODDS] HTTP 401 for foot
[ODDS] HTTP 401 for nba
[ODDS] HTTP 401 for foot
[ODDS] HTTP 401 for nba
[ODDS] HTTP 401 for foot
[ODDS] HTTP 401 for nba
[ODDS] HTTP 401 for foot
[ODDS] HTTP 401 for nba
[ODDS] HTTP 401 for foot
[ODDS] HTTP 401 for nba
[ODDS] HTTP 401 for foot
[ODDS] HTTP 401 for nba
[ODDS] HTTP 401 for foot
[ODDS] HTTP 401 for nba
[ODDS] HTTP 401 for foot
[ODDS] HTTP 401 for nba
[ODDS] HTTP 401 for foot
[ODDS] HTTP 401 for nba
[ODDS] HTTP 401 for foot
[ODDS] HTTP 401 for nba
[ODDS] HTTP 401 for foot
[ODDS] HTTP 401 for nba
[ODDS] HTTP 401 for foot
[ODDS] HTTP 401 for nba
[ODDS] HTTP 401 for foot
[ODDS] HTTP 401 for nba
[ODDS] HTTP 401 for foot
[ODDS] HTTP 401 for nba
[ODDS] HTTP 401 for foot
[ODDS] HTTP 401 for nba
[ODDS] HTTP 401 for foot
[ODDS] HTTP 401 for nba
[ODDS] HTTP 401 for foot
[ODDS] HTTP 401 for nba
[ODDS] HTTP 401 for foot
[ODDS] HTTP 401 for nba
[ODDS] HTTP 401 for foot
[ODDS] HTTP 401 for nba
[ODDS] HTTP 401 for foot
[ODDS] HTTP 401 for nba
[ODDS] HTTP 401 for foot
[ODDS] HTTP 401 for nba
[ODDS] HTTP 401 for foot
[ODDS] HTTP 401 for nba
[ODDS] HTTP 401 for foot
[ODDS] HTTP 401 for nba
[ODDS] HTTP 401 for foot
[ODDS] HTTP 401 for nba
[ODDS] HTTP 401 for foot
[ODDS] HTTP 401 for nba
[ODDS] HTTP 401 for foot
[ODDS] HTTP 401 for nba
[ODDS] HTTP 401 for foot
[ODDS] HTTP 401 for nba
[ODDS] HTTP 401 for foot
[ODDS] HTTP 401 for nba
[ODDS] HTTP 401 for foot
[ODDS] HTTP 401 for nba
[ODDS] HTTP 401 for foot
[ODDS] HTTP 401 for nba
[ODDS] HTTP 401 for foot
[ODDS] HTTP 401 for nba
[ODDS] HTTP 401 for foot
[ODDS] HTTP 401 for nba
[ODDS] HTTP 401 for foot
[ODDS] HTTP 401 for nba
[ODDS] HTTP 401 for foot
[ODDS] HTTP 401 for nba
[ODDS] HTTP 401 for foot
[ODDS] HTTP 401 for nba
[ODDS] HTTP 401 for foot
[ODDS] HTTP 401 for nba
[ODDS] HTTP 401 for foot
[ODDS] HTTP 401 for nba
[ODDS] HTTP 401 for foot
[ODDS] HTTP 401 for nba
[ODDS] HTTP 401 for foot
[ODDS] HTTP 401 for nba
[ODDS] HTTP 401 for foot
[ODDS] HTTP 401 for nba
[ODDS] HTTP 401 for foot
[ODDS] HTTP 401 for nba
[ODDS] HTTP 401 for foot
[ODDS] HTTP 401 for nba
[ODDS] HTTP 401 for foot
[ODDS] HTTP 401 for nba
[ODDS] HTTP 401 for foot
[ODDS] HTTP 401 for nba
[ODDS] HTTP 401 for foot
[ODDS] HTTP 401 for nba
[ODDS] HTTP 401 for foot
[ODDS] HTTP 401 for nba
[ODDS] HTTP 401 for foot
[ODDS] HTTP 401 for nba
[ODDS] HTTP 401 for foot
[ODDS] HTTP 401 for nba
[ODDS] HTTP 401 for foot
[ODDS] HTTP 401 for nba
[ODDS] HTTP 401 for foot
[ODDS] HTTP 401 for nba
[ODDS] HTTP 401 for foot
[ODDS] HTTP 401 for nba
[ODDS] HTTP 401 for foot
[ODDS] HTTP 401 for nba
[ODDS] HTTP 401 for foot
[ODDS] HTTP 401 for nba
[ODDS] HTTP 401 for foot
[ODDS] HTTP 401 for nba
[ODDS] HTTP 401 for foot
[ODDS] HTTP 401 for nba
[ODDS] HTTP 401 for foot
[ODDS] HTTP 401 for nba
[ODDS] HTTP 401 for foot
[ODDS] HTTP 401 for nba
[ODDS] HTTP 401 for foot
[ODDS] HTTP 401 for nba
[ODDS] HTTP 401 for foot
[ODDS] HTTP 401 for nba
[ODDS] HTTP 401 for foot
[ODDS] HTTP 401 for nba
[ODDS] HTTP 401 for foot
[ODDS] HTTP 401 for nba
[ODDS] HTTP 401 for foot
[ODDS] HTTP 401 for nba
[ODDS] HTTP 401 for foot
[ODDS] HTTP 401 for nba
[ODDS] HTTP 401 for foot
[ODDS] HTTP 401 for nba
[ODDS] HTTP 401 for foot
[ODDS] HTTP 401 for nba
[ODDS] HTTP 401 for foot
[ODDS] HTTP 401 for nba
[ODDS] HTTP 401 for foot
[ODDS] HTTP 401 for nba
[ODDS] HTTP 401 for foot
[ODDS] HTTP 401 for nba
[ODDS] HTTP 401 for foot
[ODDS] HTTP 401 for nba
[ODDS] HTTP 401 for foot
[ODDS] HTTP 401 for nba
[ODDS] HTTP 401 for foot
[ODDS] HTTP 401 for nba
[ODDS] HTTP 401 for foot
[ODDS] HTTP 401 for nba
[ODDS] HTTP 401 for foot
[ODDS] HTTP 401 for nba
[ODDS] HTTP 401 for foot
[ODDS] HTTP 401 for nba
[ODDS] HTTP 401 for foot
[ODDS] HTTP 401 for nba
[ODDS] HTTP 401 for foot
[ODDS] HTTP 401 for nba
[ODDS] HTTP 401 for foot
[ODDS] HTTP 401 for nba
[ODDS] HTTP 401 for foot
[ODDS] HTTP 401 for nba
[ODDS] HTTP 401 for foot
[ODDS] HTTP 401 for nba
[ODDS] HTTP 401 for foot
[ODDS] HTTP 401 for nba
[ODDS] HTTP 401 for foot
[ODDS] HTTP 401 for nba
[ODDS] HTTP 401 for foot
[ODDS] HTTP 401 for nba
[ODDS] HTTP 401 for foot
[ODDS] HTTP 401 for nba
[ODDS] HTTP 401 for foot
[ODDS] HTTP 401 for nba
[ODDS] HTTP 401 for foot
[ODDS] HTTP 401 for nba
[ODDS] HTTP 401 for foot
[ODDS] HTTP 401 for nba
[ODDS] HTTP 401 for foot
[ODDS] HTTP 401 for nba
[ODDS] HTTP 401 for foot
[ODDS] HTTP 401 for nba
[ODDS] HTTP 401 for foot
[ODDS] HTTP 401 for nba
[ODDS] HTTP 401 for foot
[ODDS] HTTP 401 for nba
[ODDS] HTTP 401 for foot
[ODDS] HTTP 401 for nba
[ODDS] HTTP 401 for foot
[ODDS] HTTP 401 for nba
[ODDS] HTTP 401 for foot
[ODDS] HTTP 401 for nba
[ODDS] HTTP 401 for foot
[ODDS] HTTP 401 for nba
[ODDS] HTTP 401 for foot
[ODDS] HTTP 401 for nba
[ODDS] HTTP 401 for foot
[ODDS] HTTP 401 for nba
[ODDS] HTTP 401 for foot
[ODDS] HTTP 401 for nba
[ODDS] HTTP 401 for foot
[ODDS] HTTP 401 for nba
[ODDS] HTTP 401 for foot
[ODDS] HTTP 401 for nba
[ODDS] HTTP 401 for foot
[ODDS] HTTP 401 for nba
[ODDS] HTTP 401 for foot
[ODDS] HTTP 401 for nba
[ODDS] HTTP 401 for foot
[ODDS] HTTP 401 for nba
[ODDS] HTTP 401 for foot
[ODDS] HTTP 401 for nba
[ODDS] HTTP 401 for foot
[ODDS] HTTP 401 for nba
[ODDS] HTTP 401 for foot
[ODDS] HTTP 401 for nba
[ODDS] HTTP 401 for foot
[ODDS] HTTP 401 for nba
[ODDS] HTTP 401 for foot
[ODDS] HTTP 401 for nba
[ODDS] HTTP 401 for foot
[ODDS] HTTP 401 for nba
[ODDS] HTTP 401 for foot
[ODDS] HTTP 401 for nba
[ODDS] HTTP 401 for foot
[ODDS] HTTP 401 for nba
[ODDS] HTTP 401 for foot
[ODDS] HTTP 401 for nba
[ODDS] HTTP 401 for foot
[ODDS] HTTP 401 for nba
[ODDS] HTTP 401 for foot
[ODDS] HTTP 401 for nba
[ODDS] HTTP 401 for foot
[ODDS] HTTP 401 for nba
[ODDS] HTTP 401 for foot
[ODDS] HTTP 401 for nba
[ODDS] HTTP 401 for foot
[ODDS] HTTP 401 for nba
[ODDS] HTTP 401 for foot
[ODDS] HTTP 401 for nba
[ODDS] HTTP 401 for foot
[ODDS] HTTP 401 for nba
[ODDS] HTTP 401 for foot
[ODDS] HTTP 401 for nba
[ODDS] HTTP 401 for foot
[ODDS] HTTP 401 for nba
[ODDS] HTTP 401 for foot
[ODDS] HTTP 401 for nba
[ODDS] HTTP 401 for foot
[ODDS] HTTP 401 for nba
[ODDS] HTTP 401 for foot
[ODDS] HTTP 401 for nba
[ODDS] HTTP 401 for foot
[ODDS] HTTP 401 for nba
[ODDS] HTTP 401 for foot
[ODDS] HTTP 401 for nba
[ODDS] HTTP 401 for foot
[ODDS] HTTP 401 for nba
[ODDS] HTTP 401 for foot
[ODDS] HTTP 401 for nba
[ODDS] HTTP 401 for foot
[ODDS] HTTP 401 for nba
[ODDS] HTTP 401 for foot
[ODDS] HTTP 401 for nba
[ODDS] HTTP 401 for foot
[ODDS] HTTP 401 for nba
[ODDS] HTTP 401 for foot
[ODDS] HTTP 401 for nba
[ODDS] HTTP 401 for foot
[ODDS] HTTP 401 for nba
[ODDS] HTTP 401 for foot
[ODDS] HTTP 401 for nba
[ODDS] HTTP 401 for foot
[ODDS] HTTP 401 for nba
[ODDS] HTTP 401 for foot
[ODDS] HTTP 401 for nba
[ODDS] HTTP 401 for foot
[ODDS] HTTP 401 for nba
[ODDS] HTTP 401 for foot
[ODDS] HTTP 401 for nba
[ODDS] HTTP 401 for foot
[ODDS] HTTP 401 for nba
[ODDS] HTTP 401 for foot
[ODDS] HTTP 401 for nba
[ODDS] HTTP 401 for foot
[ODDS] HTTP 401 for nba
[ODDS] HTTP 401 for foot
[ODDS] HTTP 401 for nba
[ODDS] HTTP 401 for foot
[ODDS] HTTP 401 for nba
[ODDS] HTTP 401 for foot
[ODDS] HTTP 401 for nba
[ODDS] HTTP 401 for foot
[ODDS] HTTP 401 for nba
[ODDS] HTTP 401 for foot
[ODDS] HTTP 401 for nba
[ODDS] HTTP 401 for foot
[ODDS] HTTP 401 for nba
[ODDS] HTTP 401 for foot
[ODDS] HTTP 401 for nba
[ODDS] HTTP 401 for foot
[ODDS] HTTP 401 for nba
[ODDS] HTTP 401 for foot
[ODDS] HTTP 401 for nba
[ODDS] HTTP 401 for foot
[ODDS] HTTP 401 for nba
[ODDS] HTTP 401 for foot
[ODDS] HTTP 401 for nba
[ODDS] HTTP 401 for foot
[ODDS] HTTP 401 for nba
[ODDS] HTTP 401 for foot
[ODDS] HTTP 401 for nba
[ODDS] HTTP 401 for foot
[ODDS] HTTP 401 for nba
[ODDS] HTTP 401 for foot
[ODDS] HTTP 401 for nba
[ODDS] HTTP 401 for foot
[ODDS] HTTP 401 for nba
[ODDS] HTTP 401 for foot
[ODDS] HTTP 401 for nba
[ODDS] HTTP 401 for foot
[ODDS] HTTP 401 for nba
[ODDS] HTTP 401 for foot
[ODDS] HTTP 401 for nba
[ODDS] HTTP 401 for foot
[ODDS] HTTP 401 for nba
[ODDS] HTTP 401 for foot
[ODDS] HTTP 401 for nba
[ODDS] HTTP 401 for foot
[ODDS] HTTP 401 for nba
[ODDS] HTTP 401 for foot
[ODDS] HTTP 401 for nba
[ODDS] HTTP 401 for foot
[ODDS] HTTP 401 for nba
[ODDS] HTTP 401 for foot
[ODDS] HTTP 401 for nba
[ODDS] HTTP 401 for foot
[ODDS] HTTP 401 for nba
[ODDS] HTTP 401 for foot
[ODDS] HTTP 401 for nba
[ODDS] HTTP 401 for foot
[ODDS] HTTP 401 for nba
[ODDS] HTTP 401 for foot
[ODDS] HTTP 401 for nba
[ODDS] HTTP 401 for foot
[ODDS] HTTP 401 for nba
[ODDS] HTTP 401 for foot
[ODDS] HTTP 401 for nba
[ODDS] HTTP 401 for foot
[ODDS] HTTP 401 for nba
[ODDS] HTTP 401 for foot
[ODDS] HTTP 401 for nba
[ODDS] HTTP 401 for foot
[ODDS] HTTP 401 for nba
[ODDS] HTTP 401 for foot
[ODDS] HTTP 401 for nba
[ODDS] HTTP 401 for foot
[ODDS] HTTP 401 for nba
[ODDS] HTTP 401 for foot
[ODDS] HTTP 401 for nba
[ODDS] HTTP 401 for foot
[ODDS] HTTP 401 for nba
[ODDS] HTTP 401 for foot
[ODDS] HTTP 401 for nba
[ODDS] HTTP 401 for foot
[ODDS] HTTP 401 for nba
[ODDS] HTTP 401 for foot
[ODDS] HTTP 401 for nba
[ODDS] HTTP 401 for foot
[ODDS] HTTP 401 for nba
[ODDS] HTTP 401 for foot
[ODDS] HTTP 401 for nba
[ODDS] HTTP 401 for foot
[ODDS] HTTP 401 for nba
[ODDS] HTTP 401 for foot
[ODDS] HTTP 401 for nba
[ODDS] HTTP 401 for foot
[ODDS] HTTP 401 for nba
[ODDS] HTTP 401 for foot
[ODDS] HTTP 401 for nba
[ODDS] HTTP 401 for foot
[ODDS] HTTP 401 for nba
[ODDS] HTTP 401 for foot
[ODDS] HTTP 401 for nba
[ODDS] HTTP 401 for foot
[ODDS] HTTP 401 for nba
[ODDS] HTTP 401 for foot
[ODDS] HTTP 401 for nba
[ODDS] HTTP 401 for foot
[ODDS] HTTP 401 for nba
[ODDS] HTTP 401 for foot
[ODDS] HTTP 401 for nba
[ODDS] HTTP 401 for foot
[ODDS] HTTP 401 for nba
[ODDS] HTTP 401 for foot
[ODDS] HTTP 401 for nba
[ODDS] HTTP 401 for foot
[ODDS] HTTP 401 for nba
[ODDS] HTTP 401 for foot
[ODDS] HTTP 401 for nba
[ODDS] HTTP 401 for foot
[ODDS] HTTP 401 for nba
[ODDS] HTTP 401 for foot
[ODDS] HTTP 401 for nba
[ODDS] HTTP 401 for foot
[ODDS] HTTP 401 for nba
[ODDS] HTTP 401 for foot
[ODDS] HTTP 401 for nba
[ODDS] HTTP 401 for foot
[ODDS] HTTP 401 for nba
[ODDS] HTTP 401 for foot
[ODDS] HTTP 401 for nba
[ODDS] HTTP 401 for foot
[ODDS] HTTP 401 for nba
[ODDS] HTTP 401 for foot
[ODDS] HTTP 401 for nba
[ODDS] HTTP 401 for foot
[ODDS] HTTP 401 for nba
[ODDS] HTTP 401 for foot
[ODDS] HTTP 401 for nba
[ODDS] HTTP 401 for foot
[ODDS] HTTP 401 for nba
[ODDS] HTTP 401 for foot
[ODDS] HTTP 401 for nba
[ODDS] HTTP 401 for foot
[ODDS] HTTP 401 for nba
[ODDS] HTTP 401 for foot
[ODDS] HTTP 401 for nba
[ODDS] HTTP 401 for foot
[ODDS] HTTP 401 for nba
[ODDS] HTTP 401 for foot
[ODDS] HTTP 401 for nba
[ODDS] HTTP 401 for foot
[ODDS] HTTP 401 for nba
[ODDS] HTTP 401 for foot
[ODDS] HTTP 401 for nba
[ODDS] HTTP 401 for foot
[ODDS] HTTP 401 for nba
[ODDS] HTTP 401 for foot
[ODDS] HTTP 401 for nba
[ODDS] HTTP 401 for foot
[ODDS] HTTP 401 for nba
[ODDS] HTTP 401 for foot
[ODDS] HTTP 401 for nba
[ODDS] HTTP 401 for foot
[ODDS] HTTP 401 for nba
[ODDS] HTTP 401 for foot
[ODDS] HTTP 401 for nba
[ODDS] HTTP 401 for foot
[ODDS] HTTP 401 for nba
[ODDS] HTTP 401 for foot
[ODDS] HTTP 401 for nba
[ODDS] HTTP 401 for foot
[ODDS] HTTP 401 for nba
[ODDS] HTTP 401 for foot
[ODDS] HTTP 401 for nba
[ODDS] HTTP 401 for foot
[ODDS] HTTP 401 for nba
[ODDS] HTTP 401 for foot
[ODDS] HTTP 401 for nba
[ODDS] HTTP 401 for foot
[ODDS] HTTP 401 for nba
[ODDS] HTTP 401 for foot
[ODDS] HTTP 401 for nba
[ODDS] HTTP 401 for foot
[ODDS] HTTP 401 for nba
[ODDS] HTTP 401 for foot
[ODDS] HTTP 401 for nba
[ODDS] HTTP 401 for foot
[ODDS] HTTP 401 for nba
[ODDS] HTTP 401 for foot
[ODDS] HTTP 401 for nba
[ODDS] HTTP 401 for foot
[ODDS] HTTP 401 for nba
[ODDS] HTTP 401 for foot
[ODDS] HTTP 401 for nba
[ODDS] HTTP 401 for foot
[ODDS] HTTP 401 for nba
[ODDS] HTTP 401 for foot
[ODDS] HTTP 401 for nba
[ODDS] HTTP 401 for foot
[ODDS] HTTP 401 for nba
[ODDS] HTTP 401 for foot
[ODDS] HTTP 401 for nba
[ODDS] HTTP 401 for foot
[ODDS] HTTP 401 for nba
[ODDS] HTTP 401 for foot
[ODDS] HTTP 401 for nba
[ODDS] HTTP 401 for foot
[ODDS] HTTP 401 for nba
[ODDS] HTTP 401 for foot
[ODDS] HTTP 401 for nba
[ODDS] HTTP 401 for foot
[ODDS] HTTP 401 for nba
[ODDS] HTTP 401 for foot
[ODDS] HTTP 401 for nba
[ODDS] HTTP 401 for foot
[ODDS] HTTP 401 for nba
[ODDS] HTTP 401 for foot
[ODDS] HTTP 401 for nba
[ODDS] HTTP 401 for foot
[ODDS] HTTP 401 for nba
[ODDS] HTTP 401 for foot
[ODDS] HTTP 401 for nba
[ODDS] HTTP 401 for foot
[ODDS] HTTP 401 for nba
[ODDS] HTTP 401 for foot
[ODDS] HTTP 401 for nba
[ODDS] HTTP 401 for foot
[ODDS] HTTP 401 for nba
[ODDS] HTTP 401 for foot
[ODDS] HTTP 401 for nba
[ODDS] HTTP 401 for foot
[ODDS] HTTP 401 for nba
[ODDS] HTTP 401 for foot
[ODDS] HTTP 401 for nba
[ODDS] HTTP 401 for foot
[ODDS] HTTP 401 for nba
[ODDS] HTTP 401 for foot
[ODDS] HTTP 401 for nba
[PYTHON-ERR] Traceback (most recent call last):
[PYTHON-ERR] File "C:\Users\Leo\cademo\test-uc-phase-ab.py", line 883, in main
    d = uc.Chrome(options=o, version_main=151, use_subprocess=True)
        ^^^^^^^^^^^^^^^^^^^^^^^^^^^^^^^^^^^^^^^^^^^^^^^^^^^^^^^^^^^
  File "C:\Users\Leo\AppData\Local\Programs\Python\Python312-arm64\Lib\site-packages\undetected_chromedriver\__init__.py", line 466, in __init__
    super(Chrome, self).__init__(
  File "C:\Users\Leo\AppData\Local\Programs\Python\Python312-arm64\Lib\site-packages\selenium\webdriver\chrome\webdriver.py", line 45, in __init__
    super().__init__(
  File "C:\Users\Leo\AppData\Local\Programs\Python\Python312-arm64\Lib\site-packages\selenium\webdriver\chromium\webdriver.py", line 66, in __init__
    super().__init__(command_executor=executor, options=self.options)
  File "C:\Users\Leo\AppData\Local\Programs\Python\Python312-arm64\Lib\site-packages\selenium\webdriver\common\webdriver.py", line 25, in __init__
    super().__init__(*args, **kwargs)
  File "C:\Users\Leo\AppData\Local\Programs\Python\Python312-arm64\Lib\site-packages\selenium\webdriver\remote\webdriver.py", line 291, in __init__
    self.start_session(capabilities)
  File "C:\Users\Leo\AppData\Local\Programs\Python\Python312-arm64\Lib\site-packages\undetected_chromedriver\__init__.py", line 724, in start_session
    super(selenium.webdriver.chrome.webdriver.WebDriver, self).start_session(
  File "C:\Users\Leo\AppData\Local\Programs\Python\Python312-arm64\Lib\site-packages\selenium\webdriver\remote\webdriver.py", line 398, in start_session
    response = self.execute(Command.NEW_SESSION, caps)["value"]
               ^^^^^^^^^^^^^^^^^^^^^^^^^^^^^^^^^^^^^^^
  File "C:\Users\Leo\AppData\Local\Programs\Python\Python312-arm64\Lib\site-packages\selenium\webdriver\remote\webdriver.py", line 503, in execute
    self.error_handler.check_response(response)
  File "C:\Users\Leo\AppData\Local\Programs\Python\Python312-arm64\Lib\site-packages\selenium\webdriver\remote\errorhandler.py", line 232, in check_response
    raise exception_class(message, screen, stacktrace)
selenium.common.exceptions.SessionNotCreatedException: Message: session not created: cannot connect to chrome at 127.0.0.1:56514
from chrome not reachable; For documentation on this error, please visit: https://www.selenium.dev/documentation/webdriver/troubleshooting/errors#sessionnotcreatedexception
Stacktrace:
	undetected_chromedriver!GetHandleVerifier [0x503353+fd93]
	undetected_chromedriver!GetHandleVerifier [0x503394+fdd4]
	undetected_chromedriver!(No symbol) [0x2f905e]
	undetected_chromedriver!(No symbol) [0x2ecb08]
	undetected_chromedriver!(No symbol) [0x334a32]
	undetected_chromedriver!(No symbol) [0x32ae65]
	undetected_chromedriver!(No symbol) [0x32ac86]
	undetected_chromedriver!(No symbol) [0x3718ff]
	undetected_chromedriver!(No symbol) [0x371117]
	undetected_chromedriver!(No symbol) [0x365616]
	undetected_chromedriver!(No symbol) [0x3387e9]
	undetected_chromedriver!(No symbol) [0x3395b4]
	undetected_chromedriver!GetHandleVerifier [0x79f51a+2abf5a]
	undetected_chromedriver!GetHandleVerifier [0x79aa21+2a7461]
	undetected_chromedriver!GetHandleVerifier [0x52f374+3bdb4]
	undetected_chromedriver!GetHandleVerifier [0x51e036+2aa76]
	undetected_chromedriver!GetHandleVerifier [0x524efd+3193d]
	undetected_chromedriver!GetHandleVerifier [0x50c8a8+192e8]
	undetected_chromedriver!GetHandleVerifier [0x50ca55+19495]
	undetected_chromedriver!GetHandleVerifier [0x4f53ff+1e3f]
	KERNEL32!timeGetTime [0x76dc87e8+b1d68]
	KERNEL32!timeGetTime [0x76d1e81c+7d9c]
	ntdll!fltused [0x778e0a6c+81138]
	ntdll!fltused [0x778e09c8+81094]
	ntdll!fltused [0x779b99d4+15a0a0]
[ODDS] HTTP 401 for foot
[ODDS] HTTP 401 for nba
[ODDS] HTTP 401 for foot
[ODDS] HTTP 401 for nba
[ODDS] HTTP 401 for foot
[ODDS] HTTP 401 for nba
[ODDS] HTTP 401 for foot
[ODDS] HTTP 401 for nba
[ODDS] HTTP 401 for foot
[ODDS] HTTP 401 for nba
[ODDS] HTTP 401 for foot
[ODDS] HTTP 401 for nba
[ODDS] HTTP 401 for foot
[ODDS] HTTP 401 for nba
[ODDS] HTTP 401 for foot
[ODDS] HTTP 401 for nba
[ODDS] HTTP 401 for foot
[ODDS] HTTP 401 for nba
[ODDS] HTTP 401 for foot
[ODDS] HTTP 401 for nba
[ODDS] HTTP 401 for foot
[ODDS] HTTP 401 for nba
[ODDS] HTTP 401 for foot
[ODDS] HTTP 401 for nba
[ODDS] HTTP 401 for foot
[ODDS] HTTP 401 for nba
[ODDS] HTTP 401 for foot
[ODDS] HTTP 401 for nba
[ODDS] HTTP 401 for foot
[ODDS] HTTP 401 for nba
[ODDS] HTTP 401 for foot
[ODDS] HTTP 401 for nba
[ODDS] HTTP 401 for foot
[ODDS] HTTP 401 for nba
[ODDS] HTTP 401 for foot
[ODDS] HTTP 401 for nba
[ODDS] HTTP 401 for foot
[ODDS] HTTP 401 for nba
[ODDS] HTTP 401 for foot
[ODDS] HTTP 401 for nba
[ODDS] HTTP 401 for foot
[ODDS] HTTP 401 for nba
[ODDS] HTTP 401 for foot
[ODDS] HTTP 401 for nba
[ODDS] HTTP 401 for foot
[ODDS] HTTP 401 for nba
[ODDS] HTTP 401 for foot
[ODDS] HTTP 401 for nba
[ODDS] HTTP 401 for foot
[ODDS] HTTP 401 for nba
[ODDS] HTTP 401 for foot
[ODDS] HTTP 401 for nba
[ODDS] HTTP 401 for foot
[ODDS] HTTP 401 for nba
[ODDS] HTTP 401 for foot
[ODDS] HTTP 401 for nba
[ODDS] HTTP 401 for foot
[ODDS] HTTP 401 for nba
[ODDS] HTTP 401 for foot
[ODDS] HTTP 401 for nba
[ODDS] HTTP 401 for foot
[ODDS] HTTP 401 for nba
[ODDS] HTTP 401 for foot
[ODDS] HTTP 401 for nba
[ODDS] HTTP 401 for foot
[ODDS] HTTP 401 for nba
[ODDS] HTTP 401 for foot
[ODDS] HTTP 401 for nba
[PYTHON-ERR] Traceback (most recent call last):
[PYTHON-ERR] File "C:\Users\Leo\cademo\test-uc-phase-ab.py", line 885, in main
    connected = do_login(d, w)
                ^^^^^^^^^^^^^^
  File "C:\Users\Leo\cademo\test-uc-phase-ab.py", line 90, in do_login
    c = d.current_url
        ^^^^^^^^^^^^^
  File "C:\Users\Leo\AppData\Local\Programs\Python\Python312-arm64\Lib\site-packages\undetected_chromedriver\__init__.py", line 806, in __getattribute__
    return super().__getattribute__(item)
           ^^^^^^^^^^^^^^^^^^^^^^^^^^^^^^
  File "C:\Users\Leo\AppData\Local\Programs\Python\Python312-arm64\Lib\site-packages\selenium\webdriver\remote\webdriver.py", line 637, in current_url
    return self.execute(Command.GET_CURRENT_URL)["value"]
           ^^^^^^^^^^^^^^^^^^^^^^^^^^^^^^^^^^^^^
  File "C:\Users\Leo\AppData\Local\Programs\Python\Python312-arm64\Lib\site-packages\selenium\webdriver\remote\webdriver.py", line 503, in execute
    self.error_handler.check_response(response)
  File "C:\Users\Leo\AppData\Local\Programs\Python\Python312-arm64\Lib\site-packages\selenium\webdriver\remote\errorhandler.py", line 232, in check_response
    raise exception_class(message, screen, stacktrace)
selenium.common.exceptions.InvalidSessionIdException: Message: invalid session id: session deleted as the browser has closed the connection
from disconnected: not connected to DevTools
  (Session info: chrome=152.0.7977.64); For documentation on this error, please visit: https://www.selenium.dev/documentation/webdriver/troubleshooting/errors#invalidsessionidexception
Stacktrace:
	undetected_chromedriver!GetHandleVerifier [0x1273353+fd93]
	undetected_chromedriver!GetHandleVerifier [0x1273394+fdd4]
	undetected_chromedriver!(No symbol) [0x1069220]
	undetected_chromedriver!(No symbol) [0x105855e]
	undetected_chromedriver!(No symbol) [0x1076ba9]
	undetected_chromedriver!(No symbol) [0x10dc16d]
	undetected_chromedriver!(No symbol) [0x10f2e29]
	undetected_chromedriver!(No symbol) [0x10d5616]
	undetected_chromedriver!(No symbol) [0x10a87e9]
	undetected_chromedriver!(No symbol) [0x10a95b4]
	undetected_chromedriver!GetHandleVerifier [0x150f51a+2abf5a]
	undetected_chromedriver!GetHandleVerifier [0x150aa21+2a7461]
	undetected_chromedriver!GetHandleVerifier [0x129f374+3bdb4]
	undetected_chromedriver!GetHandleVerifier [0x128e036+2aa76]
	undetected_chromedriver!GetHandleVerifier [0x1294efd+3193d]
	undetected_chromedriver!GetHandleVerifier [0x127c8a8+192e8]
	undetected_chromedriver!GetHandleVerifier [0x127ca55+19495]
	undetected_chromedriver!GetHandleVerifier [0x12653ff+1e3f]
	KERNEL32!timeGetTime [0x76dc87e8+b1d68]
	KERNEL32!timeGetTime [0x76d1e81c+7d9c]
	ntdll!fltused [0x778e0a6c+81138]
	ntdll!fltused [0x778e09c8+81094]
	ntdll!fltused [0x779b99d4+15a0a0]
[ODDS] HTTP 401 for foot
[ODDS] HTTP 401 for nba
[ODDS] HTTP 401 for foot
[ODDS] HTTP 401 for nba
[ODDS] HTTP 401 for foot
[ODDS] HTTP 401 for nba
[PYTHON-ERR] Traceback (most recent call last):
[PYTHON-ERR] File "C:\Users\Leo\cademo\test-uc-phase-ab.py", line 896, in main
    result = post_review(d, w, ARGS.company, ARGS.category, ARGS.rating)
             ^^^^^^^^^^^^^^^^^^^^^^^^^^^^^^^^^^^^^^^^^^^^^^^^^^^^^^^^^^^
  File "C:\Users\Leo\cademo\test-uc-phase-ab.py", line 588, in post_review
    d.save_screenshot(f"before-textarea-attempt-{attempt}.png")
  File "C:\Users\Leo\AppData\Local\Programs\Python\Python312-arm64\Lib\site-packages\selenium\webdriver\remote\webdriver.py", line 990, in save_screenshot
    return self.get_screenshot_as_file(filename)
           ^^^^^^^^^^^^^^^^^^^^^^^^^^^^^^^^^^^^^
  File "C:\Users\Leo\AppData\Local\Programs\Python\Python312-arm64\Lib\site-packages\selenium\webdriver\remote\webdriver.py", line 967, in get_screenshot_as_file
    png = self.get_screenshot_as_png()
          ^^^^^^^^^^^^^^^^^^^^^^^^^^^^
  File "C:\Users\Leo\AppData\Local\Programs\Python\Python312-arm64\Lib\site-packages\selenium\webdriver\remote\webdriver.py", line 998, in get_screenshot_as_png
    return b64decode(self.get_screenshot_as_base64().encode("ascii"))
                     ^^^^^^^^^^^^^^^^^^^^^^^^^^^^^^^
  File "C:\Users\Leo\AppData\Local\Programs\Python\Python312-arm64\Lib\site-packages\selenium\webdriver\remote\webdriver.py", line 1008, in get_screenshot_as_base64
    return self.execute(Command.SCREENSHOT)["value"]
           ^^^^^^^^^^^^^^^^^^^^^^^^^^^^^^^^
  File "C:\Users\Leo\AppData\Local\Programs\Python\Python312-arm64\Lib\site-packages\selenium\webdriver\remote\webdriver.py", line 503, in execute
    self.error_handler.check_response(response)
  File "C:\Users\Leo\AppData\Local\Programs\Python\Python312-arm64\Lib\site-packages\selenium\webdriver\remote\errorhandler.py", line 232, in check_response
    raise exception_class(message, screen, stacktrace)
[PYTHON-ERR] selenium.common.exceptions.InvalidSessionIdException: Message: invalid session id: session deleted as the browser has closed the connection
from disconnected: not connected to DevTools
  (Session info: chrome=152.0.7977.64); For documentation on this error, please visit: https://www.selenium.dev/documentation/webdriver/troubleshooting/errors#invalidsessionidexception
Stacktrace:
	undetected_chromedriver!GetHandleVerifier [0xe23353+fd93]
	undetected_chromedriver!GetHandleVerifier [0xe23394+fdd4]
	undetected_chromedriver!(No symbol) [0xc19220]
	undetected_chromedriver!(No symbol) [0xc0855e]
	undetected_chromedriver!(No symbol) [0xc26ba9]
	undetected_chromedriver!(No symbol) [0xc8c16d]
	undetected_chromedriver!(No symbol) [0xca2e29]
	undetected_chromedriver!(No symbol) [0xc85616]
	undetected_chromedriver!(No symbol) [0xc587e9]
	undetected_chromedriver!(No symbol) [0xc595b4]
	undetected_chromedriver!GetHandleVerifier [0x10bf51a+2abf5a]
	undetected_chromedriver!GetHandleVerifier [0x10baa21+2a7461]
	undetected_chromedriver!GetHandleVerifier [0xe4f374+3bdb4]
	undetected_chromedriver!GetHandleVerifier [0xe3e036+2aa76]
	undetected_chromedriver!GetHandleVerifier [0xe44efd+3193d]
	undetected_chromedriver!GetHandleVerifier [0xe2c8a8+192e8]
	undetected_chromedriver!GetHandleVerifier [0xe2ca55+19495]
	undetected_chromedriver!GetHandleVerifier [0xe153ff+1e3f]
	KERNEL32!timeGetTime [0x76dc87e8+b1d68]
	KERNEL32!timeGetTime [0x76d1e81c+7d9c]
	ntdll!fltused [0x778e0a6c+81138]
	ntdll!fltused [0x778e09c8+81094]
	ntdll!fltused [0x779b99d4+15a0a0]
[ODDS] HTTP 401 for foot
[ODDS] HTTP 401 for nba
[ODDS] HTTP 401 for foot
[ODDS] HTTP 401 for nba
[ODDS] HTTP 401 for foot
[ODDS] HTTP 401 for nba
[ODDS] HTTP 401 for foot
[ODDS] HTTP 401 for nba
[ODDS] HTTP 401 for foot
[ODDS] HTTP 401 for nba
[ODDS] HTTP 401 for foot
[ODDS] HTTP 401 for nba
[ODDS] HTTP 401 for foot
[ODDS] HTTP 401 for nba
[ODDS] HTTP 401 for foot
[ODDS] HTTP 401 for nba
[ODDS] HTTP 401 for foot
[ODDS] HTTP 401 for nba
[ODDS] HTTP 401 for foot
[ODDS] HTTP 401 for nba
[ODDS] HTTP 401 for foot
[ODDS] HTTP 401 for nba
[ODDS] HTTP 401 for foot
[ODDS] HTTP 401 for nba
[ODDS] HTTP 401 for foot
[ODDS] HTTP 401 for nba
[ODDS] HTTP 401 for foot
[ODDS] HTTP 401 for nba
[ODDS] HTTP 401 for foot
[ODDS] HTTP 401 for nba
[ODDS] HTTP 401 for foot
[ODDS] HTTP 401 for nba
[ODDS] HTTP 401 for foot
[ODDS] HTTP 401 for nba
[ODDS] HTTP 401 for foot
[ODDS] HTTP 401 for nba
[ODDS] HTTP 401 for foot
[ODDS] HTTP 401 for nba
[ODDS] HTTP 401 for foot
[ODDS] HTTP 401 for nba
[ODDS] HTTP 401 for foot
[ODDS] HTTP 401 for nba
[ODDS] HTTP 401 for foot
[ODDS] HTTP 401 for nba
[ODDS] HTTP 401 for foot
[ODDS] HTTP 401 for nba
[ODDS] HTTP 401 for foot
[ODDS] HTTP 401 for nba
[ODDS] HTTP 401 for foot
[ODDS] HTTP 401 for nba
[ODDS] HTTP 401 for foot
[ODDS] HTTP 401 for nba
[ODDS] HTTP 401 for foot
[ODDS] HTTP 401 for nba
[ODDS] HTTP 401 for foot
[ODDS] HTTP 401 for nba
[ODDS] HTTP 401 for foot
[ODDS] HTTP 401 for nba
[ODDS] HTTP 401 for foot
[ODDS] HTTP 401 for nba
[ODDS] HTTP 401 for foot
[ODDS] HTTP 401 for nba
[ODDS] HTTP 401 for foot
[ODDS] HTTP 401 for nba
[ODDS] HTTP 401 for foot
[ODDS] HTTP 401 for nba
[ODDS] HTTP 401 for foot
[ODDS] HTTP 401 for nba
[ODDS] HTTP 401 for foot
[ODDS] HTTP 401 for nba
[ODDS] HTTP 401 for foot
[ODDS] HTTP 401 for nba
[ODDS] HTTP 401 for foot
[ODDS] HTTP 401 for nba
[ODDS] HTTP 401 for foot
[ODDS] HTTP 401 for nba
[ODDS] HTTP 401 for foot
[ODDS] HTTP 401 for nba
[ODDS] HTTP 401 for foot
[ODDS] HTTP 401 for nba
[ODDS] HTTP 401 for foot
[ODDS] HTTP 401 for nba
[ODDS] HTTP 401 for foot
[ODDS] HTTP 401 for nba
[ODDS] HTTP 401 for foot
[ODDS] HTTP 401 for nba
[ODDS] HTTP 401 for foot
[ODDS] HTTP 401 for nba
[ODDS] HTTP 401 for foot
[ODDS] HTTP 401 for nba
[ODDS] HTTP 401 for foot
[ODDS] HTTP 401 for nba
[ODDS] HTTP 401 for foot
[ODDS] HTTP 401 for nba
[ODDS] HTTP 401 for foot
[ODDS] HTTP 401 for nba
[ODDS] HTTP 401 for foot
[ODDS] HTTP 401 for nba
[ODDS] HTTP 401 for foot
[ODDS] HTTP 401 for nba
[ODDS] HTTP 401 for foot
[ODDS] HTTP 401 for nba
[ODDS] HTTP 401 for foot
[ODDS] HTTP 401 for nba
[ODDS] HTTP 401 for foot
[ODDS] HTTP 401 for nba
[ODDS] HTTP 401 for foot
[ODDS] HTTP 401 for nba
[ODDS] HTTP 401 for foot
[ODDS] HTTP 401 for nba
[ODDS] HTTP 401 for foot
[ODDS] HTTP 401 for nba
[ODDS] HTTP 401 for foot
[ODDS] HTTP 401 for nba
[ODDS] HTTP 401 for foot
[ODDS] HTTP 401 for nba
[ODDS] HTTP 401 for foot
[ODDS] HTTP 401 for nba
[ODDS] HTTP 401 for foot
[ODDS] HTTP 401 for nba
[ODDS] HTTP 401 for foot
[ODDS] HTTP 401 for nba
[ODDS] HTTP 401 for foot
[ODDS] HTTP 401 for nba
[ODDS] HTTP 401 for foot
[ODDS] HTTP 401 for nba
[ODDS] HTTP 401 for foot
[ODDS] HTTP 401 for nba
[ODDS] HTTP 401 for foot
[ODDS] HTTP 401 for nba
[ODDS] HTTP 401 for foot
[ODDS] HTTP 401 for nba
[ODDS] HTTP 401 for foot
[ODDS] HTTP 401 for nba
[ODDS] HTTP 401 for foot
[ODDS] HTTP 401 for nba
[ODDS] HTTP 401 for foot
[ODDS] HTTP 401 for nba
[ODDS] HTTP 401 for foot
[ODDS] HTTP 401 for nba
[ODDS] HTTP 401 for foot
[ODDS] HTTP 401 for nba
[ODDS] HTTP 401 for foot
[ODDS] HTTP 401 for nba
[ODDS] HTTP 401 for foot
[ODDS] HTTP 401 for nba
[ODDS] HTTP 401 for foot
[ODDS] HTTP 401 for nba
[ODDS] HTTP 401 for foot
[ODDS] HTTP 401 for nba
[ODDS] HTTP 401 for foot
[ODDS] HTTP 401 for nba
[ODDS] HTTP 401 for foot
[ODDS] HTTP 401 for nba
[ODDS] HTTP 401 for foot
[ODDS] HTTP 401 for nba
[ODDS] HTTP 401 for foot
[ODDS] HTTP 401 for nba
[ODDS] HTTP 401 for foot
[ODDS] HTTP 401 for nba
[ODDS] HTTP 401 for foot
[ODDS] HTTP 401 for nba
[ODDS] HTTP 401 for foot
[ODDS] HTTP 401 for nba
[ODDS] HTTP 401 for foot
[ODDS] HTTP 401 for nba
[ODDS] HTTP 401 for foot
[ODDS] HTTP 401 for nba
[ODDS] HTTP 401 for foot
[ODDS] HTTP 401 for nba
[ODDS] HTTP 401 for foot
[ODDS] HTTP 401 for nba
[ODDS] HTTP 401 for foot
[ODDS] HTTP 401 for nba
[ODDS] HTTP 401 for foot
[ODDS] HTTP 401 for nba
[ODDS] HTTP 401 for foot
[ODDS] HTTP 401 for nba
[ODDS] HTTP 401 for foot
[ODDS] HTTP 401 for nba
[ODDS] HTTP 401 for foot
[ODDS] HTTP 401 for nba
[ODDS] HTTP 401 for foot
[ODDS] HTTP 401 for nba
[ODDS] HTTP 401 for foot
[ODDS] HTTP 401 for nba
[ODDS] HTTP 401 for foot
[ODDS] HTTP 401 for nba
[ODDS] HTTP 401 for foot
[ODDS] HTTP 401 for nba
[ODDS] HTTP 401 for foot
[ODDS] HTTP 401 for nba
[ODDS] HTTP 401 for foot
[ODDS] HTTP 401 for nba
[ODDS] HTTP 401 for foot
[ODDS] HTTP 401 for nba
[ODDS] HTTP 401 for foot
[ODDS] HTTP 401 for nba
[ODDS] HTTP 401 for foot
[ODDS] HTTP 401 for nba
[ODDS] HTTP 401 for foot
[ODDS] HTTP 401 for nba
[ODDS] HTTP 401 for foot
[ODDS] HTTP 401 for nba
[ODDS] HTTP 401 for foot
[ODDS] HTTP 401 for nba
[ODDS] HTTP 401 for foot
[ODDS] HTTP 401 for nba
[ODDS] HTTP 401 for foot
[ODDS] HTTP 401 for nba
[ODDS] HTTP 401 for foot
[ODDS] HTTP 401 for nba
[ODDS] HTTP 401 for foot
[ODDS] HTTP 401 for nba
[ODDS] HTTP 401 for foot
[ODDS] HTTP 401 for nba
[ODDS] HTTP 401 for foot
[ODDS] HTTP 401 for nba
[ODDS] HTTP 401 for foot
[ODDS] HTTP 401 for nba
[ODDS] HTTP 401 for foot
[ODDS] HTTP 401 for nba
[ODDS] HTTP 401 for foot
[ODDS] HTTP 401 for nba
[ODDS] HTTP 401 for foot
[ODDS] HTTP 401 for nba
[ODDS] HTTP 401 for foot
[ODDS] HTTP 401 for nba
[ODDS] HTTP 401 for foot
[ODDS] HTTP 401 for nba
[ODDS] HTTP 401 for foot
[ODDS] HTTP 401 for nba
[ODDS] HTTP 401 for foot
[ODDS] HTTP 401 for nba
[ODDS] HTTP 401 for foot
[ODDS] HTTP 401 for nba
[ODDS] HTTP 401 for foot
[ODDS] HTTP 401 for nba
[ODDS] HTTP 401 for foot
[ODDS] HTTP 401 for nba
[ODDS] HTTP 401 for foot
[ODDS] HTTP 401 for nba
[ODDS] HTTP 401 for foot
[ODDS] HTTP 401 for nba
[ODDS] HTTP 401 for foot
[ODDS] HTTP 401 for nba
[ODDS] HTTP 401 for foot
[ODDS] HTTP 401 for nba
[ODDS] HTTP 401 for foot
[ODDS] HTTP 401 for nba
[ODDS] HTTP 401 for foot
[ODDS] HTTP 401 for nba
[ODDS] HTTP 401 for foot
[ODDS] HTTP 401 for nba
[ODDS] HTTP 401 for foot
[ODDS] HTTP 401 for nba
[ODDS] HTTP 401 for foot
[ODDS] HTTP 401 for nba
[ODDS] HTTP 401 for foot
[ODDS] HTTP 401 for nba
[ODDS] HTTP 401 for foot
[ODDS] HTTP 401 for nba
[ODDS] HTTP 401 for foot
[ODDS] HTTP 401 for nba
[ODDS] HTTP 401 for foot
[ODDS] HTTP 401 for nba
[ODDS] HTTP 401 for foot
[ODDS] HTTP 401 for nba
[ODDS] HTTP 401 for foot
[ODDS] HTTP 401 for nba
[ODDS] HTTP 401 for foot
[ODDS] HTTP 401 for nba
[ODDS] HTTP 401 for foot
[ODDS] HTTP 401 for nba
[ODDS] HTTP 401 for foot
[ODDS] HTTP 401 for nba
[ODDS] HTTP 401 for foot
[ODDS] HTTP 401 for nba
[ODDS] HTTP 401 for foot
[ODDS] HTTP 401 for nba
[ODDS] HTTP 401 for foot
[ODDS] HTTP 401 for nba
[ODDS] HTTP 401 for foot
[ODDS] HTTP 401 for nba
[ODDS] HTTP 401 for foot
[ODDS] HTTP 401 for nba
[ODDS] HTTP 401 for foot
[ODDS] HTTP 401 for nba
[ODDS] HTTP 401 for foot
[ODDS] HTTP 401 for nba
[ODDS] HTTP 401 for foot
[ODDS] HTTP 401 for nba
[ODDS] HTTP 401 for foot
[ODDS] HTTP 401 for nba
[ODDS] HTTP 401 for foot
[ODDS] HTTP 401 for nba
[ODDS] HTTP 401 for foot
[ODDS] HTTP 401 for nba
[ODDS] HTTP 401 for foot
[ODDS] HTTP 401 for nba
[ODDS] HTTP 401 for foot
[ODDS] HTTP 401 for nba
[ODDS] HTTP 401 for foot
[ODDS] HTTP 401 for nba
[ODDS] HTTP 401 for foot
[ODDS] HTTP 401 for nba
[ODDS] HTTP 401 for foot
[ODDS] HTTP 401 for nba
[ODDS] HTTP 401 for foot
[ODDS] HTTP 401 for nba
[ODDS] HTTP 401 for foot
[ODDS] HTTP 401 for nba
[ODDS] HTTP 401 for foot
[ODDS] HTTP 401 for nba
[ODDS] HTTP 401 for foot
[ODDS] HTTP 401 for nba
[ODDS] HTTP 401 for foot
[ODDS] HTTP 401 for nba
[ODDS] HTTP 401 for foot
[ODDS] HTTP 401 for nba
[ODDS] HTTP 401 for foot
[ODDS] HTTP 401 for nba
[ODDS] HTTP 401 for foot
[ODDS] HTTP 401 for nba
[ODDS] HTTP 401 for foot
[ODDS] HTTP 401 for nba
[ODDS] HTTP 401 for foot
[ODDS] HTTP 401 for nba
[ODDS] HTTP 401 for foot
[ODDS] HTTP 401 for nba
[ODDS] HTTP 401 for foot
[ODDS] HTTP 401 for nba
[ODDS] HTTP 401 for foot
[ODDS] HTTP 401 for nba
[ODDS] HTTP 401 for foot
[ODDS] HTTP 401 for nba
[ODDS] HTTP 401 for foot
[ODDS] HTTP 401 for nba
[ODDS] HTTP 401 for foot
[ODDS] HTTP 401 for nba
[ODDS] HTTP 401 for foot
[ODDS] HTTP 401 for nba
[ODDS] HTTP 401 for foot
[ODDS] HTTP 401 for nba
[ODDS] HTTP 401 for foot
[ODDS] HTTP 401 for nba
[ODDS] HTTP 401 for foot
[ODDS] HTTP 401 for nba
[ODDS] HTTP 401 for foot
[ODDS] HTTP 401 for nba
[ODDS] HTTP 401 for foot
[ODDS] HTTP 401 for nba
[ODDS] HTTP 401 for foot
[ODDS] HTTP 401 for nba
[ODDS] HTTP 401 for foot
[ODDS] HTTP 401 for nba
[ODDS] HTTP 401 for foot
[ODDS] HTTP 401 for nba
[ODDS] HTTP 401 for foot
[ODDS] HTTP 401 for nba
[ODDS] HTTP 401 for foot
[ODDS] HTTP 401 for nba
[ODDS] HTTP 401 for foot
[ODDS] HTTP 401 for nba
[ODDS] HTTP 401 for foot
[ODDS] HTTP 401 for nba
[ODDS] HTTP 401 for foot
[ODDS] HTTP 401 for nba
[ODDS] HTTP 401 for foot
[ODDS] HTTP 401 for nba
[ODDS] HTTP 401 for foot
[ODDS] HTTP 401 for nba
[ODDS] HTTP 401 for foot
[ODDS] HTTP 401 for nba
[ODDS] HTTP 401 for foot
[ODDS] HTTP 401 for nba
[ODDS] HTTP 401 for foot
[ODDS] HTTP 401 for nba
[ODDS] HTTP 401 for foot
[ODDS] HTTP 401 for nba
[ODDS] HTTP 401 for foot
[ODDS] HTTP 401 for nba
[ODDS] HTTP 401 for foot
[ODDS] HTTP 401 for nba
[ODDS] HTTP 401 for foot
[ODDS] HTTP 401 for nba
[ODDS] HTTP 401 for foot
[ODDS] HTTP 401 for nba
[ODDS] HTTP 401 for foot
[ODDS] HTTP 401 for nba
[ODDS] HTTP 401 for foot
[ODDS] HTTP 401 for nba
[ODDS] HTTP 401 for foot
[ODDS] HTTP 401 for nba
[ODDS] HTTP 401 for foot
[ODDS] HTTP 401 for nba
[ODDS] HTTP 401 for foot
[ODDS] HTTP 401 for nba
[ODDS] HTTP 401 for foot
[ODDS] HTTP 401 for nba
[ODDS] HTTP 401 for foot
[ODDS] HTTP 401 for nba
[ODDS] HTTP 401 for foot
[ODDS] HTTP 401 for nba
[ODDS] HTTP 401 for foot
[ODDS] HTTP 401 for nba
[ODDS] HTTP 401 for foot
[ODDS] HTTP 401 for nba
[ODDS] HTTP 401 for foot
[ODDS] HTTP 401 for nba
[ODDS] HTTP 401 for foot
[ODDS] HTTP 401 for nba
[ODDS] HTTP 401 for foot
[ODDS] HTTP 401 for nba
[ODDS] HTTP 401 for foot
[ODDS] HTTP 401 for nba
[ODDS] HTTP 401 for foot
[ODDS] HTTP 401 for nba
[ODDS] HTTP 401 for foot
[ODDS] HTTP 401 for nba
[ODDS] HTTP 401 for foot
[ODDS] HTTP 401 for nba
[ODDS] HTTP 401 for foot
[ODDS] HTTP 401 for nba
[PYTHON-ERR] Traceback (most recent call last):
[PYTHON-ERR] File "C:\Users\Leo\cademo\test-uc-phase-ab.py", line 889, in main
    connected = do_login(d, w)
                ^^^^^^^^^^^^^^
  File "C:\Users\Leo\cademo\test-uc-phase-ab.py", line 90, in do_login
    c = d.current_url
        ^^^^^^^^^^^^^
  File "C:\Users\Leo\AppData\Local\Programs\Python\Python312-arm64\Lib\site-packages\undetected_chromedriver\__init__.py", line 806, in __getattribute__
    return super().__getattribute__(item)
           ^^^^^^^^^^^^^^^^^^^^^^^^^^^^^^
  File "C:\Users\Leo\AppData\Local\Programs\Python\Python312-arm64\Lib\site-packages\selenium\webdriver\remote\webdriver.py", line 637, in current_url
    return self.execute(Command.GET_CURRENT_URL)["value"]
           ^^^^^^^^^^^^^^^^^^^^^^^^^^^^^^^^^^^^^
  File "C:\Users\Leo\AppData\Local\Programs\Python\Python312-arm64\Lib\site-packages\selenium\webdriver\remote\webdriver.py", line 503, in execute
    self.error_handler.check_response(response)
  File "C:\Users\Leo\AppData\Local\Programs\Python\Python312-arm64\Lib\site-packages\selenium\webdriver\remote\errorhandler.py", line 232, in check_response
    raise exception_class(message, screen, stacktrace)
selenium.common.exceptions.NoSuchWindowException: Message: no such window: target window already closed
from unknown error: web view not found
  (Session info: chrome=152.0.7977.64)
Stacktrace:
	undetected_chromedriver!GetHandleVerifier [0xe53353+fd93]
	undetected_chromedriver!GetHandleVerifier [0xe53394+fdd4]
	undetected_chromedriver!(No symbol) [0xc49220]
	undetected_chromedriver!(No symbol) [0xc281d3]
	undetected_chromedriver!(No symbol) [0xcbbf8b]
	undetected_chromedriver!(No symbol) [0xcd2e29]
	undetected_chromedriver!(No symbol) [0xcb5616]
	undetected_chromedriver!(No symbol) [0xc887e9]
	undetected_chromedriver!(No symbol) [0xc895b4]
	undetected_chromedriver!GetHandleVerifier [0x10ef51a+2abf5a]
	undetected_chromedriver!GetHandleVerifier [0x10eaa21+2a7461]
	undetected_chromedriver!GetHandleVerifier [0xe7f374+3bdb4]
	undetected_chromedriver!GetHandleVerifier [0xe6e036+2aa76]
	undetected_chromedriver!GetHandleVerifier [0xe74efd+3193d]
	undetected_chromedriver!GetHandleVerifier [0xe5c8a8+192e8]
	undetected_chromedriver!GetHandleVerifier [0xe5ca55+19495]
	undetected_chromedriver!GetHandleVerifier [0xe453ff+1e3f]
	KERNEL32!timeGetTime [0x76dc87e8+b1d68]
	KERNEL32!timeGetTime [0x76d1e81c+7d9c]
	ntdll!fltused [0x778e0a6c+81138]
	ntdll!fltused [0x778e09c8+81094]
	ntdll!fltused [0x779b99d4+15a0a0]
[ODDS] HTTP 401 for foot
[ODDS] HTTP 401 for nba
[ODDS] HTTP 401 for foot
[ODDS] HTTP 401 for nba
[ODDS] HTTP 401 for foot
[ODDS] HTTP 401 for nba
[ODDS] HTTP 401 for foot
[ODDS] HTTP 401 for nba
[ODDS] HTTP 401 for foot
[ODDS] HTTP 401 for nba
[ODDS] HTTP 401 for foot
[ODDS] HTTP 401 for nba
[ODDS] HTTP 401 for foot
[ODDS] HTTP 401 for nba
[ODDS] HTTP 401 for foot
[ODDS] HTTP 401 for nba
[ODDS] HTTP 401 for foot
[ODDS] HTTP 401 for nba
[ODDS] HTTP 401 for foot
[ODDS] HTTP 401 for nba
[ODDS] HTTP 401 for foot
[ODDS] HTTP 401 for nba
[ODDS] HTTP 401 for foot
[ODDS] HTTP 401 for nba
[ODDS] HTTP 401 for foot
[ODDS] HTTP 401 for nba
[ODDS] HTTP 401 for foot
[ODDS] HTTP 401 for nba
[ODDS] HTTP 401 for foot
[ODDS] HTTP 401 for nba
[ODDS] HTTP 401 for foot
[ODDS] HTTP 401 for nba
[ODDS] HTTP 401 for foot
[ODDS] HTTP 401 for nba
[ODDS] HTTP 401 for foot
[ODDS] HTTP 401 for nba
[ODDS] HTTP 401 for foot
[ODDS] HTTP 401 for nba
[ODDS] HTTP 401 for foot
[ODDS] HTTP 401 for nba
[ODDS] HTTP 401 for foot
[ODDS] HTTP 401 for nba
[ODDS] HTTP 401 for foot
[ODDS] HTTP 401 for nba
[ODDS] HTTP 401 for foot
[ODDS] HTTP 401 for nba
[ODDS] HTTP 401 for foot
[ODDS] HTTP 401 for nba
[ODDS] HTTP 401 for foot
[ODDS] HTTP 401 for nba
[ODDS] HTTP 401 for foot
[ODDS] HTTP 401 for nba
[ODDS] HTTP 401 for foot
[ODDS] HTTP 401 for nba
[ODDS] HTTP 401 for foot
[ODDS] HTTP 401 for nba
[ODDS] HTTP 401 for foot
[ODDS] HTTP 401 for nba
[ODDS] HTTP 401 for foot
[ODDS] HTTP 401 for nba
[ODDS] HTTP 401 for foot
[ODDS] HTTP 401 for nba
[ODDS] HTTP 401 for foot
[ODDS] HTTP 401 for nba
[ODDS] HTTP 401 for foot
[ODDS] HTTP 401 for nba
[ODDS] HTTP 401 for foot
[ODDS] HTTP 401 for nba
[ODDS] HTTP 401 for foot
[ODDS] HTTP 401 for nba
[ODDS] HTTP 401 for foot
[ODDS] HTTP 401 for nba
[ODDS] HTTP 401 for foot
[ODDS] HTTP 401 for nba
[ODDS] HTTP 401 for foot
[ODDS] HTTP 401 for nba
[ODDS] HTTP 401 for foot
[ODDS] HTTP 401 for nba
[ODDS] HTTP 401 for foot
[ODDS] HTTP 401 for nba
[ODDS] HTTP 401 for foot
[ODDS] HTTP 401 for nba
[ODDS] HTTP 401 for foot
[ODDS] HTTP 401 for nba
[ODDS] HTTP 401 for foot
[ODDS] HTTP 401 for nba
[ODDS] HTTP 401 for foot
[ODDS] HTTP 401 for nba
[ODDS] HTTP 401 for foot
[ODDS] HTTP 401 for nba
[ODDS] HTTP 401 for foot
[ODDS] HTTP 401 for nba
[ODDS] HTTP 401 for foot
[ODDS] HTTP 401 for nba
[ODDS] HTTP 401 for foot
[ODDS] HTTP 401 for nba
[ODDS] HTTP 401 for foot
[ODDS] HTTP 401 for nba
[ODDS] HTTP 401 for foot
[ODDS] HTTP 401 for nba
[ODDS] HTTP 401 for foot
[ODDS] HTTP 401 for nba
[ODDS] HTTP 401 for foot
[ODDS] HTTP 401 for nba
[ODDS] HTTP 401 for foot
[ODDS] HTTP 401 for nba
[ODDS] HTTP 401 for foot
[ODDS] HTTP 401 for nba
[ODDS] HTTP 401 for foot
[ODDS] HTTP 401 for nba
[ODDS] HTTP 401 for foot
[ODDS] HTTP 401 for nba
[ODDS] HTTP 401 for foot
[ODDS] HTTP 401 for nba
[ODDS] HTTP 401 for foot
[ODDS] HTTP 401 for nba
[ODDS] HTTP 401 for foot
[ODDS] HTTP 401 for nba
[ODDS] HTTP 401 for foot
[ODDS] HTTP 401 for nba
[ODDS] HTTP 401 for foot
[ODDS] HTTP 401 for nba
[ODDS] HTTP 401 for foot
[ODDS] HTTP 401 for nba
[ODDS] HTTP 401 for foot
[ODDS] HTTP 401 for nba
[ODDS] HTTP 401 for foot
[ODDS] HTTP 401 for nba
[ODDS] HTTP 401 for foot
[ODDS] HTTP 401 for nba
[ODDS] HTTP 401 for foot
[ODDS] HTTP 401 for nba
[ODDS] HTTP 401 for foot
[ODDS] HTTP 401 for nba
[ODDS] HTTP 401 for foot
[ODDS] HTTP 401 for nba
[ODDS] HTTP 401 for foot
[ODDS] HTTP 401 for nba
[ODDS] HTTP 401 for foot
[ODDS] HTTP 401 for nba
[ODDS] HTTP 401 for foot
[ODDS] HTTP 401 for nba
[ODDS] HTTP 401 for foot
[ODDS] HTTP 401 for nba
[ODDS] HTTP 401 for foot
[ODDS] HTTP 401 for nba
[ODDS] HTTP 401 for foot
[ODDS] HTTP 401 for nba
[ODDS] HTTP 401 for foot
[ODDS] HTTP 401 for nba
[ODDS] HTTP 401 for foot
[ODDS] HTTP 401 for nba
[ODDS] HTTP 401 for foot
[ODDS] HTTP 401 for nba
[ODDS] HTTP 401 for foot
[ODDS] HTTP 401 for nba
[ODDS] HTTP 401 for foot
[ODDS] HTTP 401 for nba
[ODDS] HTTP 401 for foot
[ODDS] HTTP 401 for nba
[ODDS] HTTP 401 for foot
[ODDS] HTTP 401 for nba
[ODDS] HTTP 401 for foot
[ODDS] HTTP 401 for nba
[ODDS] HTTP 401 for foot
[ODDS] HTTP 401 for nba
[ODDS] HTTP 401 for foot
[ODDS] HTTP 401 for nba
[ODDS] HTTP 401 for foot
[ODDS] HTTP 401 for nba
[ODDS] HTTP 401 for foot
[ODDS] HTTP 401 for nba
[ODDS] HTTP 401 for foot
[ODDS] HTTP 401 for nba
[ODDS] HTTP 401 for foot
[ODDS] HTTP 401 for nba
[ODDS] HTTP 401 for foot
[ODDS] HTTP 401 for nba
[ODDS] HTTP 401 for foot
[ODDS] HTTP 401 for nba
[ODDS] HTTP 401 for foot
[ODDS] HTTP 401 for nba
[ODDS] HTTP 401 for foot
[ODDS] HTTP 401 for nba
[ODDS] HTTP 401 for foot
[ODDS] HTTP 401 for nba
[ODDS] HTTP 401 for foot
[ODDS] HTTP 401 for nba
[ODDS] HTTP 401 for foot
[ODDS] HTTP 401 for nba
[ODDS] HTTP 401 for foot
[ODDS] HTTP 401 for nba
[ODDS] HTTP 401 for foot
[ODDS] HTTP 401 for nba
[ODDS] HTTP 401 for foot
[ODDS] HTTP 401 for nba
[ODDS] HTTP 401 for foot
[ODDS] HTTP 401 for nba
[ODDS] HTTP 401 for foot
[ODDS] HTTP 401 for nba
[ODDS] HTTP 401 for foot
[ODDS] HTTP 401 for nba
[ODDS] HTTP 401 for foot
[ODDS] HTTP 401 for nba
[ODDS] HTTP 401 for foot
[ODDS] HTTP 401 for nba
[ODDS] HTTP 401 for foot
[ODDS] HTTP 401 for nba
[ODDS] HTTP 401 for foot
[ODDS] HTTP 401 for nba
[ODDS] HTTP 401 for foot
[ODDS] HTTP 401 for nba
[ODDS] HTTP 401 for foot
[ODDS] HTTP 401 for nba
[ODDS] HTTP 401 for foot
[ODDS] HTTP 401 for nba
[ODDS] HTTP 401 for foot
[ODDS] HTTP 401 for nba
[ODDS] HTTP 401 for foot
[ODDS] HTTP 401 for nba
[ODDS] HTTP 401 for foot
[ODDS] HTTP 401 for nba
[ODDS] HTTP 401 for foot
[ODDS] HTTP 401 for nba
[ODDS] HTTP 401 for foot
[ODDS] HTTP 401 for nba
[ODDS] HTTP 401 for foot
[ODDS] HTTP 401 for nba
[ODDS] HTTP 401 for foot
[ODDS] HTTP 401 for nba
[ODDS] HTTP 401 for foot
[ODDS] HTTP 401 for nba
[ODDS] HTTP 401 for foot
[ODDS] HTTP 401 for nba
[ODDS] HTTP 401 for foot
[ODDS] HTTP 401 for nba
[ODDS] HTTP 401 for foot
[ODDS] HTTP 401 for nba
[ODDS] HTTP 401 for foot
[ODDS] HTTP 401 for nba
[ODDS] HTTP 401 for foot
[ODDS] HTTP 401 for nba
[ODDS] HTTP 401 for foot
[ODDS] HTTP 401 for nba
[ODDS] HTTP 401 for foot
[ODDS] HTTP 401 for nba
[ODDS] HTTP 401 for foot
[ODDS] HTTP 401 for nba
[ODDS] HTTP 401 for foot
[ODDS] HTTP 401 for nba
[ODDS] HTTP 401 for foot
[ODDS] HTTP 401 for nba
[ODDS] HTTP 401 for foot
[ODDS] HTTP 401 for nba
[ODDS] HTTP 401 for foot
[ODDS] HTTP 401 for nba
[ODDS] HTTP 401 for foot
[ODDS] HTTP 401 for nba
[ODDS] HTTP 401 for foot
[ODDS] HTTP 401 for nba
[ODDS] HTTP 401 for foot
[ODDS] HTTP 401 for nba
[ODDS] HTTP 401 for foot
[ODDS] HTTP 401 for nba
[ODDS] HTTP 401 for foot
[ODDS] HTTP 401 for nba
[ODDS] HTTP 401 for foot
[ODDS] HTTP 401 for nba
[ODDS] HTTP 401 for foot
[ODDS] HTTP 401 for nba
[ODDS] HTTP 401 for foot
[ODDS] HTTP 401 for nba
[ODDS] HTTP 401 for foot
[ODDS] HTTP 401 for nba
[ODDS] HTTP 401 for foot
[ODDS] HTTP 401 for nba
[ODDS] HTTP 401 for foot
[ODDS] HTTP 401 for nba
[ODDS] HTTP 401 for foot
[ODDS] HTTP 401 for nba
[ODDS] HTTP 401 for foot
[ODDS] HTTP 401 for nba
[ODDS] HTTP 401 for foot
[ODDS] HTTP 401 for nba
[ODDS] HTTP 401 for foot
[ODDS] HTTP 401 for nba
[ODDS] HTTP 401 for foot
[ODDS] HTTP 401 for nba
[ODDS] HTTP 401 for foot
[ODDS] HTTP 401 for nba
[ODDS] HTTP 401 for foot
[ODDS] HTTP 401 for nba
[ODDS] HTTP 401 for foot
[ODDS] HTTP 401 for nba
[ODDS] HTTP 401 for foot
[ODDS] HTTP 401 for nba
[ODDS] HTTP 401 for foot
[ODDS] HTTP 401 for nba
[ODDS] HTTP 401 for foot
[ODDS] HTTP 401 for nba
[ODDS] HTTP 401 for foot
[ODDS] HTTP 401 for nba
[ODDS] HTTP 401 for foot
[ODDS] HTTP 401 for nba
[ODDS] HTTP 401 for foot
[ODDS] HTTP 401 for nba
[ODDS] HTTP 401 for foot
[ODDS] HTTP 401 for nba
[ODDS] HTTP 401 for foot
[ODDS] HTTP 401 for nba
[ODDS] HTTP 401 for foot
[ODDS] HTTP 401 for nba
[ODDS] HTTP 401 for foot
[ODDS] HTTP 401 for nba
[ODDS] HTTP 401 for foot
[ODDS] HTTP 401 for nba
[ODDS] HTTP 401 for foot
[ODDS] HTTP 401 for nba
[ODDS] HTTP 401 for foot
[ODDS] HTTP 401 for nba
[ODDS] HTTP 401 for foot
[ODDS] HTTP 401 for nba
[ODDS] HTTP 401 for foot
[ODDS] HTTP 401 for nba
[ODDS] HTTP 401 for foot
[ODDS] HTTP 401 for nba
[ODDS] HTTP 401 for foot
[ODDS] HTTP 401 for nba
[ODDS] HTTP 401 for foot
[ODDS] HTTP 401 for nba
[ODDS] HTTP 401 for foot
[ODDS] HTTP 401 for nba
[ODDS] HTTP 401 for foot
[ODDS] HTTP 401 for nba
[ODDS] HTTP 401 for foot
[ODDS] HTTP 401 for nba
[ODDS] HTTP 401 for foot
[ODDS] HTTP 401 for nba
[ODDS] HTTP 401 for foot
[ODDS] HTTP 401 for nba
[ODDS] HTTP 401 for foot
[ODDS] HTTP 401 for nba
[ODDS] HTTP 401 for foot
[ODDS] HTTP 401 for nba
[ODDS] HTTP 401 for foot
[ODDS] HTTP 401 for nba
[ODDS] HTTP 401 for foot
[ODDS] HTTP 401 for nba
[ODDS] HTTP 401 for foot
[ODDS] HTTP 401 for nba
[ODDS] HTTP 401 for foot
[ODDS] HTTP 401 for nba
[ODDS] HTTP 401 for foot
[ODDS] HTTP 401 for nba
[ODDS] HTTP 401 for foot
[ODDS] HTTP 401 for nba
[ODDS] HTTP 401 for foot
[ODDS] HTTP 401 for nba
[ODDS] HTTP 401 for foot
[ODDS] HTTP 401 for nba
[ODDS] HTTP 401 for foot
[ODDS] HTTP 401 for nba
[ODDS] HTTP 401 for foot
[ODDS] HTTP 401 for nba
[ODDS] HTTP 401 for foot
[ODDS] HTTP 401 for nba
[ODDS] HTTP 401 for foot
[ODDS] HTTP 401 for nba
[ODDS] HTTP 401 for foot
[ODDS] HTTP 401 for nba
[ODDS] HTTP 401 for foot
[ODDS] HTTP 401 for nba
[ODDS] HTTP 401 for foot
[ODDS] HTTP 401 for nba
[ODDS] HTTP 401 for foot
[ODDS] HTTP 401 for nba
[ODDS] HTTP 401 for foot
[ODDS] HTTP 401 for nba
[ODDS] HTTP 401 for foot
[ODDS] HTTP 401 for nba
[ODDS] HTTP 401 for foot
[ODDS] HTTP 401 for nba
[ODDS] HTTP 401 for foot
[ODDS] HTTP 401 for nba
[ODDS] HTTP 401 for foot
[ODDS] HTTP 401 for nba
[ODDS] HTTP 401 for foot
[ODDS] HTTP 401 for nba
[ODDS] HTTP 401 for foot
[ODDS] HTTP 401 for nba
[ODDS] HTTP 401 for foot
[ODDS] HTTP 401 for nba
[ODDS] HTTP 401 for foot
[ODDS] HTTP 401 for nba
[ODDS] HTTP 401 for foot
[ODDS] HTTP 401 for nba
[ODDS] HTTP 401 for foot
[ODDS] HTTP 401 for nba
[ODDS] HTTP 401 for foot
[ODDS] HTTP 401 for nba
[ODDS] HTTP 401 for foot
[ODDS] HTTP 401 for nba
[ODDS] HTTP 401 for foot
[ODDS] HTTP 401 for nba
[ODDS] HTTP 401 for foot
[ODDS] HTTP 401 for nba
[ODDS] HTTP 401 for foot
[ODDS] HTTP 401 for nba
[ODDS] HTTP 401 for foot
[ODDS] HTTP 401 for nba
[ODDS] HTTP 401 for foot
[ODDS] HTTP 401 for nba
[ODDS] HTTP 401 for foot
[ODDS] HTTP 401 for nba
[ODDS] HTTP 401 for foot
[ODDS] HTTP 401 for nba
[ODDS] HTTP 401 for foot
[ODDS] HTTP 401 for nba
[ODDS] HTTP 401 for foot
[ODDS] HTTP 401 for nba
[ODDS] HTTP 401 for foot
[ODDS] HTTP 401 for nba
[ODDS] HTTP 401 for foot
[ODDS] HTTP 401 for nba
[ODDS] HTTP 401 for foot
[ODDS] HTTP 401 for nba
[ODDS] HTTP 401 for foot
[ODDS] HTTP 401 for nba
[ODDS] HTTP 401 for foot
[ODDS] HTTP 401 for nba
[ODDS] HTTP 401 for foot
[ODDS] HTTP 401 for nba
[ODDS] HTTP 401 for foot
[ODDS] HTTP 401 for nba
[ODDS] HTTP 401 for foot
[ODDS] HTTP 401 for nba
[ODDS] HTTP 401 for foot
[ODDS] HTTP 401 for nba
[ODDS] HTTP 401 for foot
[ODDS] HTTP 401 for nba
[ODDS] HTTP 401 for foot
[ODDS] HTTP 401 for nba
[ODDS] HTTP 401 for foot
[ODDS] HTTP 401 for nba
[ODDS] HTTP 401 for foot
[ODDS] HTTP 401 for nba
[ODDS] HTTP 401 for foot
[ODDS] HTTP 401 for nba
[ODDS] HTTP 401 for foot
[ODDS] HTTP 401 for nba
[ODDS] HTTP 401 for foot
[ODDS] HTTP 401 for nba
[ODDS] HTTP 401 for foot
[ODDS] HTTP 401 for nba
[ODDS] HTTP 401 for foot
[ODDS] HTTP 401 for nba
[ODDS] HTTP 401 for foot
[ODDS] HTTP 401 for nba
[ODDS] HTTP 401 for foot
[ODDS] HTTP 401 for nba
[ODDS] HTTP 401 for foot
[ODDS] HTTP 401 for nba
[ODDS] HTTP 401 for foot
[ODDS] HTTP 401 for nba
[ODDS] HTTP 401 for foot
[ODDS] HTTP 401 for nba
[ODDS] HTTP 401 for foot
[ODDS] HTTP 401 for nba
[ODDS] HTTP 401 for foot
[ODDS] HTTP 401 for nba
[ODDS] HTTP 401 for foot
[ODDS] HTTP 401 for nba
[ODDS] HTTP 401 for foot
[ODDS] HTTP 401 for nba
[ODDS] HTTP 401 for foot
[ODDS] HTTP 401 for nba
[ODDS] HTTP 401 for foot
[ODDS] HTTP 401 for nba
[ODDS] HTTP 401 for foot
[ODDS] HTTP 401 for nba
[ODDS] HTTP 401 for foot
[ODDS] HTTP 401 for nba
[ODDS] HTTP 401 for foot
[ODDS] HTTP 401 for nba
[ODDS] HTTP 401 for foot
[ODDS] HTTP 401 for nba
[ODDS] HTTP 401 for foot
[ODDS] HTTP 401 for nba
[ODDS] HTTP 401 for foot
[ODDS] HTTP 401 for nba
[ODDS] HTTP 401 for foot
[ODDS] HTTP 401 for nba
[ODDS] HTTP 401 for foot
[ODDS] HTTP 401 for nba
[ODDS] HTTP 401 for foot
[ODDS] HTTP 401 for nba
[ODDS] HTTP 401 for foot
[ODDS] HTTP 401 for nba
[ODDS] HTTP 401 for foot
[ODDS] HTTP 401 for nba
[ODDS] HTTP 401 for foot
[ODDS] HTTP 401 for nba
[ODDS] HTTP 401 for foot
[ODDS] HTTP 401 for nba
[ODDS] HTTP 401 for foot
[ODDS] HTTP 401 for nba
[ODDS] HTTP 401 for foot
[ODDS] HTTP 401 for nba
[ODDS] HTTP 401 for foot
[ODDS] HTTP 401 for nba
[ODDS] HTTP 401 for foot
[ODDS] HTTP 401 for nba
[ODDS] HTTP 401 for foot
[ODDS] HTTP 401 for nba
[ODDS] HTTP 401 for foot
[ODDS] HTTP 401 for nba
[ODDS] HTTP 401 for foot
[ODDS] HTTP 401 for nba
[ODDS] HTTP 401 for foot
[ODDS] HTTP 401 for nba
[ODDS] HTTP 401 for foot
[ODDS] HTTP 401 for nba
[ODDS] HTTP 401 for foot
[ODDS] HTTP 401 for nba
[ODDS] HTTP 401 for foot
[ODDS] HTTP 401 for nba
[ODDS] HTTP 401 for foot
[ODDS] HTTP 401 for nba
[ODDS] HTTP 401 for foot
[ODDS] HTTP 401 for nba
[ODDS] HTTP 401 for foot
[ODDS] HTTP 401 for nba
[ODDS] HTTP 401 for foot
[ODDS] HTTP 401 for nba
[ODDS] HTTP 401 for foot
[ODDS] HTTP 401 for nba
[ODDS] HTTP 401 for foot
[ODDS] HTTP 401 for nba
[ODDS] HTTP 401 for foot
[ODDS] HTTP 401 for nba
[ODDS] HTTP 401 for foot
[ODDS] HTTP 401 for nba
[ODDS] HTTP 401 for foot
[ODDS] HTTP 401 for nba
[ODDS] HTTP 401 for foot
[ODDS] HTTP 401 for nba
[ODDS] HTTP 401 for foot
[ODDS] HTTP 401 for nba
[ODDS] HTTP 401 for foot
[ODDS] HTTP 401 for nba
[ODDS] HTTP 401 for foot
[ODDS] HTTP 401 for nba
[ODDS] HTTP 401 for foot
[ODDS] HTTP 401 for nba
[ODDS] HTTP 401 for foot
[ODDS] HTTP 401 for nba
[ODDS] HTTP 401 for foot
[ODDS] HTTP 401 for nba
[ODDS] HTTP 401 for foot
[ODDS] HTTP 401 for nba
[ODDS] HTTP 401 for foot
[ODDS] HTTP 401 for nba
[ODDS] HTTP 401 for foot
[ODDS] HTTP 401 for nba
[ODDS] HTTP 401 for foot
[ODDS] HTTP 401 for nba
[ODDS] HTTP 401 for foot
[ODDS] HTTP 401 for nba
[ODDS] HTTP 401 for foot
[ODDS] HTTP 401 for nba
[ODDS] HTTP 401 for foot
[ODDS] HTTP 401 for nba
[ODDS] HTTP 401 for foot
[ODDS] HTTP 401 for nba
[ODDS] HTTP 401 for foot
[ODDS] HTTP 401 for nba
[ODDS] HTTP 401 for foot
[ODDS] HTTP 401 for nba
[ODDS] HTTP 401 for foot
[ODDS] HTTP 401 for nba
[ODDS] HTTP 401 for foot
[ODDS] HTTP 401 for nba
[ODDS] HTTP 401 for foot
[ODDS] HTTP 401 for nba
[ODDS] HTTP 401 for foot
[ODDS] HTTP 401 for nba
[ODDS] HTTP 401 for foot
[ODDS] HTTP 401 for nba
[ODDS] HTTP 401 for foot
[ODDS] HTTP 401 for nba
[ODDS] HTTP 401 for foot
[ODDS] HTTP 401 for nba
[ODDS] HTTP 401 for foot
[ODDS] HTTP 401 for nba
[ODDS] HTTP 401 for foot
[ODDS] HTTP 401 for nba
[ODDS] HTTP 401 for foot
[ODDS] HTTP 401 for nba
[ODDS] HTTP 401 for foot
[ODDS] HTTP 401 for nba
[ODDS] HTTP 401 for foot
[ODDS] HTTP 401 for nba
[ODDS] HTTP 401 for foot
[ODDS] HTTP 401 for nba
[ODDS] HTTP 401 for foot
[ODDS] HTTP 401 for nba
[ODDS] HTTP 401 for foot
[ODDS] HTTP 401 for nba
[ODDS] HTTP 401 for foot
[ODDS] HTTP 401 for nba
[ODDS] HTTP 401 for foot
[ODDS] HTTP 401 for nba
[ODDS] HTTP 401 for foot
[ODDS] HTTP 401 for nba
[ODDS] HTTP 401 for foot
[ODDS] HTTP 401 for nba
[ODDS] HTTP 401 for foot
[ODDS] HTTP 401 for nba
[ODDS] HTTP 401 for foot
[ODDS] HTTP 401 for nba
[ODDS] HTTP 401 for foot
[ODDS] HTTP 401 for nba
[ODDS] HTTP 401 for foot
[ODDS] HTTP 401 for nba
[ODDS] HTTP 401 for foot
[ODDS] HTTP 401 for nba
